// Jest Snapshot v1, https://goo.gl/fbAQLP

exports[`DarkModeParent is a container that apply the theming and style to all childs, it has to be used in pages 1`] = `null`;
