// Jest Snapshot v1, https://goo.gl/fbAQLP

exports[`DarkModeParent is a container that apply the theming and style to all childs, it has to be used in pages 1`] = `
<div
  style={
    Object {
      "alignItems": "center",
      "display": "flex",
      "flexDirection": "row",
    }
  }
>
  <img
    alt="lightMode"
    src="/images/light/sun.png"
    style={
      Object {
        "height": "25px",
        "width": "25px",
      }
    }
  />
  <span
    className="MuiSwitch-root"
  >
    <span
      aria-disabled={false}
      className="MuiButtonBase-root MuiIconButton-root PrivateSwitchBase-root-1 MuiSwitch-switchBase MuiSwitch-colorSecondary"
      onBlur={[Function]}
      onDragLeave={[Function]}
      onFocus={[Function]}
      onKeyDown={[Function]}
      onKeyUp={[Function]}
      onMouseDown={[Function]}
      onMouseLeave={[Function]}
      onMouseUp={[Function]}
      onTouchEnd={[Function]}
      onTouchMove={[Function]}
      onTouchStart={[Function]}
      tabIndex={null}
    >
      <span
        className="MuiIconButton-label"
      >
        <input
          aria-label="secondary checkbox"
          checked={false}
          className="PrivateSwitchBase-input-4 MuiSwitch-input"
          name="colorMode"
          onChange={[Function]}
          type="checkbox"
        />
        <span
          className="MuiSwitch-thumb"
        />
      </span>
    </span>
    <span
      className="MuiSwitch-track"
    />
  </span>
  <img
    alt="darkMode"
    src="/images/light/moon.png"
    style={
      Object {
        "height": "25px",
        "width": "25px",
      }
    }
  />
</div>
`;
